Copyright 1986-2022 Xilinx, Inc. All Rights Reserved. Copyright 2022-2024 Advanced Micro Devices, Inc. All Rights Reserved.
---------------------------------------------------------------------------------------------------------------------------------------------
| Tool Version : Vivado v.2024.1 (win64) Build 5076996 Wed May 22 18:37:14 MDT 2024
| Date         : Sat Apr 26 14:41:56 2025
| Host         : DESKTOP-R5RVK16 running 64-bit major release  (build 9200)
| Command      : report_control_sets -verbose -file MB_wrapper_control_sets_placed.rpt
| Design       : MB_wrapper
| Device       : xc7a35t
---------------------------------------------------------------------------------------------------------------------------------------------

Control Set Information

Table of Contents
-----------------
1. Summary
2. Histogram
3. Flip-Flop Distribution
4. Detailed Control Set Information

1. Summary
----------

+----------------------------------------------------------+-------+
|                          Status                          | Count |
+----------------------------------------------------------+-------+
| Total control sets                                       |   157 |
|    Minimum number of control sets                        |   157 |
|    Addition due to synthesis replication                 |     0 |
|    Addition due to physical synthesis replication        |     0 |
| Unused register locations in slices containing registers |    24 |
+----------------------------------------------------------+-------+
* Control sets can be merged at opt_design using control_set_merge or merge_equivalent_drivers
** Run report_qor_suggestions for automated merging and remapping suggestions


2. Histogram
------------

+--------------------+-------+
|       Fanout       | Count |
+--------------------+-------+
| Total control sets |   157 |
| >= 0 to < 4        |     0 |
| >= 4 to < 6        |     2 |
| >= 6 to < 8        |     1 |
| >= 8 to < 10       |    66 |
| >= 10 to < 12      |     0 |
| >= 12 to < 14      |     1 |
| >= 14 to < 16      |     0 |
| >= 16              |    87 |
+--------------------+-------+
* Control sets can be remapped at either synth_design or opt_design


3. Flip-Flop Distribution
-------------------------

+--------------+-----------------------+------------------------+-----------------+--------------+
| Clock Enable | Synchronous Set/Reset | Asynchronous Set/Reset | Total Registers | Total Slices |
+--------------+-----------------------+------------------------+-----------------+--------------+
| No           | No                    | No                     |               0 |            0 |
| No           | No                    | Yes                    |              25 |           11 |
| No           | Yes                   | No                     |               0 |            0 |
| Yes          | No                    | No                     |            1792 |         1178 |
| Yes          | No                    | Yes                    |            1135 |          422 |
| Yes          | Yes                   | No                     |             512 |          152 |
+--------------+-----------------------+------------------------+-----------------+--------------+


4. Detailed Control Set Information
-----------------------------------

+-----------------------------+---------------------------------------------+-------------------------------------+------------------+----------------+--------------+
|         Clock Signal        |                Enable Signal                |           Set/Reset Signal          | Slice Load Count | Bel Load Count | Bels / Slice |
+-----------------------------+---------------------------------------------+-------------------------------------+------------------+----------------+--------------+
|  MB_i/clk_wiz/inst/clk_out2 | MB_i/uart_0/inst/bit_count[3]_i_1_n_0       | reset_IBUF                          |                1 |              4 |         4.00 |
|  MB_i/clk_wiz/inst/clk_out2 | MB_i/uart_0/inst/tx_bit_count               | reset_IBUF                          |                1 |              4 |         4.00 |
|  MB_i/clk_wiz/inst/clk_out2 | MB_i/uart_0/inst/tx_byte_count[5]_i_1_n_0   | reset_IBUF                          |                2 |              6 |         3.00 |
|  MB_i/clk_wiz/inst/clk_out2 | MB_i/uart_0/inst/message_block[399]_i_1_n_0 | reset_IBUF                          |                3 |              8 |         2.67 |
|  MB_i/clk_wiz/inst/clk_out2 | MB_i/uart_0/inst/message_block[239]_i_1_n_0 | reset_IBUF                          |                4 |              8 |         2.00 |
|  MB_i/clk_wiz/inst/clk_out2 | MB_i/uart_0/inst/message_block[223]_i_1_n_0 | reset_IBUF                          |                3 |              8 |         2.67 |
|  MB_i/clk_wiz/inst/clk_out2 | MB_i/uart_0/inst/message_block[159]_i_1_n_0 | reset_IBUF                          |                5 |              8 |         1.60 |
|  MB_i/clk_wiz/inst/clk_out2 | MB_i/uart_0/inst/message_block[151]_i_1_n_0 | reset_IBUF                          |                3 |              8 |         2.67 |
|  MB_i/clk_wiz/inst/clk_out2 | MB_i/uart_0/inst/message_block[311]_i_1_n_0 | reset_IBUF                          |                1 |              8 |         8.00 |
|  MB_i/clk_wiz/inst/clk_out2 | MB_i/uart_0/inst/message_block[207]_i_1_n_0 | reset_IBUF                          |                3 |              8 |         2.67 |
|  MB_i/clk_wiz/inst/clk_out2 | MB_i/uart_0/inst/message_block[183]_i_1_n_0 | reset_IBUF                          |                4 |              8 |         2.00 |
|  MB_i/clk_wiz/inst/clk_out2 | MB_i/uart_0/inst/message_block[303]_i_1_n_0 | reset_IBUF                          |                3 |              8 |         2.67 |
|  MB_i/clk_wiz/inst/clk_out2 | MB_i/uart_0/inst/message_block[263]_i_1_n_0 | reset_IBUF                          |                2 |              8 |         4.00 |
|  MB_i/clk_wiz/inst/clk_out2 | MB_i/uart_0/inst/message_block[231]_i_1_n_0 | reset_IBUF                          |                4 |              8 |         2.00 |
|  MB_i/clk_wiz/inst/clk_out2 | MB_i/uart_0/inst/message_block[191]_i_1_n_0 | reset_IBUF                          |                2 |              8 |         4.00 |
|  MB_i/clk_wiz/inst/clk_out2 | MB_i/uart_0/inst/message_block[143]_i_1_n_0 | reset_IBUF                          |                4 |              8 |         2.00 |
|  MB_i/clk_wiz/inst/clk_out2 | MB_i/uart_0/inst/message_block[119]_i_1_n_0 | reset_IBUF                          |                3 |              8 |         2.67 |
|  MB_i/clk_wiz/inst/clk_out2 | MB_i/uart_0/inst/message_block[287]_i_1_n_0 | reset_IBUF                          |                2 |              8 |         4.00 |
|  MB_i/clk_wiz/inst/clk_out2 | MB_i/uart_0/inst/message_block[215]_i_1_n_0 | reset_IBUF                          |                4 |              8 |         2.00 |
|  MB_i/clk_wiz/inst/clk_out2 | MB_i/uart_0/inst/message_block[167]_i_1_n_0 | reset_IBUF                          |                3 |              8 |         2.67 |
|  MB_i/clk_wiz/inst/clk_out2 | MB_i/uart_0/inst/message_block[127]_i_1_n_0 | reset_IBUF                          |                5 |              8 |         1.60 |
|  MB_i/clk_wiz/inst/clk_out2 | MB_i/uart_0/inst/message_block[511]_i_1_n_0 | reset_IBUF                          |                5 |              8 |         1.60 |
|  MB_i/clk_wiz/inst/clk_out2 | MB_i/uart_0/inst/message_block[199]_i_1_n_0 | reset_IBUF                          |                2 |              8 |         4.00 |
|  MB_i/clk_wiz/inst/clk_out2 | MB_i/uart_0/inst/message_block[295]_i_1_n_0 | reset_IBUF                          |                5 |              8 |         1.60 |
|  MB_i/clk_wiz/inst/clk_out2 | MB_i/uart_0/inst/message_block[23]_i_1_n_0  | reset_IBUF                          |                3 |              8 |         2.67 |
|  MB_i/clk_wiz/inst/clk_out2 | MB_i/uart_0/inst/message_block[15]_i_1_n_0  | reset_IBUF                          |                4 |              8 |         2.00 |
|  MB_i/clk_wiz/inst/clk_out2 | MB_i/uart_0/inst/message_block[111]_i_1_n_0 | reset_IBUF                          |                3 |              8 |         2.67 |
|  MB_i/clk_wiz/inst/clk_out2 | MB_i/uart_0/inst/message_block[103]_i_1_n_0 | reset_IBUF                          |                5 |              8 |         1.60 |
|  MB_i/clk_wiz/inst/clk_out2 | MB_i/uart_0/inst/message_block[135]_i_1_n_0 | reset_IBUF                          |                2 |              8 |         4.00 |
|  MB_i/clk_wiz/inst/clk_out2 | MB_i/uart_0/inst/message_block[279]_i_1_n_0 | reset_IBUF                          |                2 |              8 |         4.00 |
|  MB_i/clk_wiz/inst/clk_out2 | MB_i/uart_0/inst/message_block[175]_i_1_n_0 | reset_IBUF                          |                5 |              8 |         1.60 |
|  MB_i/clk_wiz/inst/clk_out2 | MB_i/uart_0/inst/message_block[271]_i_1_n_0 | reset_IBUF                          |                5 |              8 |         1.60 |
|  MB_i/clk_wiz/inst/clk_out2 | MB_i/uart_0/inst/message_block[255]_i_1_n_0 | reset_IBUF                          |                4 |              8 |         2.00 |
|  MB_i/clk_wiz/inst/clk_out2 | MB_i/uart_0/inst/message_block[247]_i_1_n_0 | reset_IBUF                          |                3 |              8 |         2.67 |
|  MB_i/clk_wiz/inst/clk_out2 | MB_i/uart_0/inst/message_block[495]_i_1_n_0 | reset_IBUF                          |                4 |              8 |         2.00 |
|  MB_i/clk_wiz/inst/clk_out2 | MB_i/uart_0/inst/message_block[439]_i_1_n_0 | reset_IBUF                          |                4 |              8 |         2.00 |
|  MB_i/clk_wiz/inst/clk_out2 | MB_i/uart_0/inst/message_block[431]_i_1_n_0 | reset_IBUF                          |                5 |              8 |         1.60 |
|  MB_i/clk_wiz/inst/clk_out2 | MB_i/uart_0/inst/message_block[343]_i_1_n_0 | reset_IBUF                          |                3 |              8 |         2.67 |
|  MB_i/clk_wiz/inst/clk_out2 | MB_i/uart_0/inst/message_block[47]_i_1_n_0  | reset_IBUF                          |                4 |              8 |         2.00 |
|  MB_i/clk_wiz/inst/clk_out2 | MB_i/uart_0/inst/message_block[95]_i_1_n_0  | reset_IBUF                          |                3 |              8 |         2.67 |
|  MB_i/clk_wiz/inst/clk_out2 | MB_i/uart_0/inst/message_block[383]_i_1_n_0 | reset_IBUF                          |                3 |              8 |         2.67 |
|  MB_i/clk_wiz/inst/clk_out2 | MB_i/uart_0/inst/message_block[487]_i_1_n_0 | reset_IBUF                          |                2 |              8 |         4.00 |
|  MB_i/clk_wiz/inst/clk_out2 | MB_i/uart_0/inst/message_block[407]_i_1_n_0 | reset_IBUF                          |                3 |              8 |         2.67 |
|  MB_i/clk_wiz/inst/clk_out2 | MB_i/uart_0/inst/message_block[335]_i_1_n_0 | reset_IBUF                          |                3 |              8 |         2.67 |
|  MB_i/clk_wiz/inst/clk_out2 | MB_i/uart_0/inst/message_block[71]_i_1_n_0  | reset_IBUF                          |                4 |              8 |         2.00 |
|  MB_i/clk_wiz/inst/clk_out2 | MB_i/uart_0/inst/message_block[319]_i_1_n_0 | reset_IBUF                          |                2 |              8 |         4.00 |
|  MB_i/clk_wiz/inst/clk_out2 | MB_i/uart_0/inst/message_block[479]_i_1_n_0 | reset_IBUF                          |                4 |              8 |         2.00 |
|  MB_i/clk_wiz/inst/clk_out2 | MB_i/uart_0/inst/message_block[375]_i_1_n_0 | reset_IBUF                          |                3 |              8 |         2.67 |
|  MB_i/clk_wiz/inst/clk_out2 | MB_i/uart_0/inst/message_block[351]_i_1_n_0 | reset_IBUF                          |                5 |              8 |         1.60 |
|  MB_i/clk_wiz/inst/clk_out2 | MB_i/uart_0/inst/message_block[447]_i_1_n_0 | reset_IBUF                          |                3 |              8 |         2.67 |
|  MB_i/clk_wiz/inst/clk_out2 | MB_i/uart_0/inst/message_block[503]_i_1_n_0 | reset_IBUF                          |                3 |              8 |         2.67 |
|  MB_i/clk_wiz/inst/clk_out2 | MB_i/uart_0/inst/message_block[359]_i_1_n_0 | reset_IBUF                          |                5 |              8 |         1.60 |
|  MB_i/clk_wiz/inst/clk_out2 | MB_i/uart_0/inst/message_block[327]_i_1_n_0 | reset_IBUF                          |                3 |              8 |         2.67 |
|  MB_i/clk_wiz/inst/clk_out2 | MB_i/uart_0/inst/message_block[455]_i_1_n_0 | reset_IBUF                          |                2 |              8 |         4.00 |
|  MB_i/clk_wiz/inst/clk_out2 | MB_i/uart_0/inst/message_block[423]_i_1_n_0 | reset_IBUF                          |                3 |              8 |         2.67 |
|  MB_i/clk_wiz/inst/clk_out2 | MB_i/uart_0/inst/message_block[39]_i_1_n_0  | reset_IBUF                          |                3 |              8 |         2.67 |
|  MB_i/clk_wiz/inst/clk_out2 | MB_i/uart_0/inst/message_block[31]_i_1_n_0  | reset_IBUF                          |                2 |              8 |         4.00 |
|  MB_i/clk_wiz/inst/clk_out2 | MB_i/uart_0/inst/message_block[367]_i_1_n_0 | reset_IBUF                          |                5 |              8 |         1.60 |
|  MB_i/clk_wiz/inst/clk_out2 | MB_i/uart_0/inst/message_block[415]_i_1_n_0 | reset_IBUF                          |                3 |              8 |         2.67 |
|  MB_i/clk_wiz/inst/clk_out2 | MB_i/uart_0/inst/message_block[391]_i_1_n_0 | reset_IBUF                          |                4 |              8 |         2.00 |
|  MB_i/clk_wiz/inst/clk_out2 | MB_i/uart_0/inst/message_block[63]_i_1_n_0  | reset_IBUF                          |                2 |              8 |         4.00 |
|  MB_i/clk_wiz/inst/clk_out2 | MB_i/uart_0/inst/message_block[55]_i_1_n_0  | reset_IBUF                          |                2 |              8 |         4.00 |
|  MB_i/clk_wiz/inst/clk_out2 | MB_i/uart_0/inst/message_block[463]_i_1_n_0 | reset_IBUF                          |                3 |              8 |         2.67 |
|  MB_i/clk_wiz/inst/clk_out2 | MB_i/uart_0/inst/message_block[79]_i_1_n_0  | reset_IBUF                          |                4 |              8 |         2.00 |
|  MB_i/clk_wiz/inst/clk_out2 | MB_i/uart_0/inst/message_block[7]_i_1_n_0   | reset_IBUF                          |                2 |              8 |         4.00 |
|  MB_i/clk_wiz/inst/clk_out2 | MB_i/uart_0/inst/message_block[471]_i_1_n_0 | reset_IBUF                          |                4 |              8 |         2.00 |
|  MB_i/clk_wiz/inst/clk_out2 | MB_i/uart_0/inst/message_block[87]_i_1_n_0  | reset_IBUF                          |                5 |              8 |         1.60 |
|  MB_i/clk_wiz/inst/clk_out1 |                                             | reset_IBUF                          |                3 |              8 |         2.67 |
|  MB_i/clk_wiz/inst/clk_out2 | MB_i/uart_0/inst/tx_data[7]_i_1_n_0         | reset_IBUF                          |                7 |              8 |         1.14 |
|  MB_i/clk_wiz/inst/clk_out2 | MB_i/uart_0/inst/byte_count[6]_i_1_n_0      | reset_IBUF                          |                5 |             13 |         2.60 |
|  MB_i/clk_wiz/inst/clk_out1 | MB_i/sha256_0/inst/W[1][31]_i_2_n_0         | MB_i/sha256_0/inst/W[1][11]_i_1_n_0 |                5 |             16 |         3.20 |
|  MB_i/clk_wiz/inst/clk_out1 | MB_i/sha256_0/inst/W[1][31]_i_2_n_0         | MB_i/sha256_0/inst/W[1][19]_i_1_n_0 |                3 |             16 |         5.33 |
|  MB_i/clk_wiz/inst/clk_out1 | MB_i/sha256_0/inst/W[1][31]_i_2_n_0         | MB_i/sha256_0/inst/W[1][10]_i_1_n_0 |                4 |             16 |         4.00 |
|  MB_i/clk_wiz/inst/clk_out1 | MB_i/sha256_0/inst/W[1][31]_i_2_n_0         | MB_i/sha256_0/inst/W[1][21]_i_1_n_0 |                4 |             16 |         4.00 |
|  MB_i/clk_wiz/inst/clk_out1 | MB_i/sha256_0/inst/W[1][31]_i_2_n_0         | MB_i/sha256_0/inst/W[1][28]_i_1_n_0 |                5 |             16 |         3.20 |
|  MB_i/clk_wiz/inst/clk_out1 | MB_i/sha256_0/inst/W[1][31]_i_2_n_0         | MB_i/sha256_0/inst/W[1][2]_i_1_n_0  |                3 |             16 |         5.33 |
|  MB_i/clk_wiz/inst/clk_out1 | MB_i/sha256_0/inst/W[1][31]_i_2_n_0         | MB_i/sha256_0/inst/W[1][7]_i_1_n_0  |                7 |             16 |         2.29 |
|  MB_i/clk_wiz/inst/clk_out1 | MB_i/sha256_0/inst/W[1][31]_i_2_n_0         | MB_i/sha256_0/inst/W[1][0]_i_1_n_0  |                4 |             16 |         4.00 |
|  MB_i/clk_wiz/inst/clk_out1 | MB_i/sha256_0/inst/W[1][31]_i_2_n_0         | MB_i/sha256_0/inst/W[1][16]_i_1_n_0 |                6 |             16 |         2.67 |
|  MB_i/clk_wiz/inst/clk_out2 | MB_i/uart_0/inst/clk_count[15]_i_1_n_0      | reset_IBUF                          |                4 |             16 |         4.00 |
|  MB_i/clk_wiz/inst/clk_out1 | MB_i/sha256_0/inst/W[1][31]_i_2_n_0         | MB_i/sha256_0/inst/W[1][30]_i_1_n_0 |                5 |             16 |         3.20 |
|  MB_i/clk_wiz/inst/clk_out1 | MB_i/sha256_0/inst/W[1][31]_i_2_n_0         | MB_i/sha256_0/inst/W[1][6]_i_1_n_0  |                5 |             16 |         3.20 |
|  MB_i/clk_wiz/inst/clk_out1 | MB_i/sha256_0/inst/W[1][31]_i_2_n_0         | MB_i/sha256_0/inst/W[1][3]_i_1_n_0  |                3 |             16 |         5.33 |
|  MB_i/clk_wiz/inst/clk_out1 | MB_i/sha256_0/inst/W[1][31]_i_2_n_0         | MB_i/sha256_0/inst/W[1][12]_i_1_n_0 |                6 |             16 |         2.67 |
|  MB_i/clk_wiz/inst/clk_out1 | MB_i/sha256_0/inst/W[1][31]_i_2_n_0         | MB_i/sha256_0/inst/W[1][8]_i_1_n_0  |                5 |             16 |         3.20 |
|  MB_i/clk_wiz/inst/clk_out1 | MB_i/sha256_0/inst/W[1][31]_i_2_n_0         | MB_i/sha256_0/inst/W[1][27]_i_1_n_0 |                6 |             16 |         2.67 |
|  MB_i/clk_wiz/inst/clk_out1 | MB_i/sha256_0/inst/W[1][31]_i_2_n_0         | MB_i/sha256_0/inst/W[1][15]_i_1_n_0 |                5 |             16 |         3.20 |
|  MB_i/clk_wiz/inst/clk_out1 | MB_i/sha256_0/inst/W[1][31]_i_2_n_0         | MB_i/sha256_0/inst/W[1][17]_i_1_n_0 |                4 |             16 |         4.00 |
|  MB_i/clk_wiz/inst/clk_out1 | MB_i/sha256_0/inst/W[1][31]_i_2_n_0         | MB_i/sha256_0/inst/W[1][22]_i_1_n_0 |                5 |             16 |         3.20 |
|  MB_i/clk_wiz/inst/clk_out1 | MB_i/sha256_0/inst/W[1][31]_i_2_n_0         | MB_i/sha256_0/inst/W[1][24]_i_1_n_0 |                5 |             16 |         3.20 |
|  MB_i/clk_wiz/inst/clk_out1 | MB_i/sha256_0/inst/W[1][31]_i_2_n_0         | MB_i/sha256_0/inst/W[1][29]_i_1_n_0 |                4 |             16 |         4.00 |
|  MB_i/clk_wiz/inst/clk_out1 | MB_i/sha256_0/inst/W[1][31]_i_2_n_0         | MB_i/sha256_0/inst/W[1][23]_i_1_n_0 |                4 |             16 |         4.00 |
|  MB_i/clk_wiz/inst/clk_out1 | MB_i/sha256_0/inst/W[1][31]_i_2_n_0         | MB_i/sha256_0/inst/W[1][1]_i_1_n_0  |                5 |             16 |         3.20 |
|  MB_i/clk_wiz/inst/clk_out1 | MB_i/sha256_0/inst/W[1][31]_i_2_n_0         | MB_i/sha256_0/inst/W[1][31]_i_1_n_0 |                5 |             16 |         3.20 |
|  MB_i/clk_wiz/inst/clk_out1 | MB_i/sha256_0/inst/W[1][31]_i_2_n_0         | MB_i/sha256_0/inst/W[1][18]_i_1_n_0 |                4 |             16 |         4.00 |
|  MB_i/clk_wiz/inst/clk_out1 | MB_i/sha256_0/inst/W[1][31]_i_2_n_0         | MB_i/sha256_0/inst/W[1][26]_i_1_n_0 |                5 |             16 |         3.20 |
|  MB_i/clk_wiz/inst/clk_out1 | MB_i/sha256_0/inst/W[1][31]_i_2_n_0         | MB_i/sha256_0/inst/W[1][5]_i_1_n_0  |                5 |             16 |         3.20 |
|  MB_i/clk_wiz/inst/clk_out1 | MB_i/sha256_0/inst/W[1][31]_i_2_n_0         | MB_i/sha256_0/inst/W[1][14]_i_1_n_0 |                5 |             16 |         3.20 |
|  MB_i/clk_wiz/inst/clk_out1 | MB_i/sha256_0/inst/W[1][31]_i_2_n_0         | MB_i/sha256_0/inst/W[1][20]_i_1_n_0 |                3 |             16 |         5.33 |
|  MB_i/clk_wiz/inst/clk_out1 | MB_i/sha256_0/inst/W[1][31]_i_2_n_0         | MB_i/sha256_0/inst/W[1][9]_i_1_n_0  |                6 |             16 |         2.67 |
|  MB_i/clk_wiz/inst/clk_out2 | MB_i/uart_0/inst/tx_clk_count               | reset_IBUF                          |                4 |             16 |         4.00 |
|  MB_i/clk_wiz/inst/clk_out1 | MB_i/sha256_0/inst/W[1][31]_i_2_n_0         | MB_i/sha256_0/inst/W[1][4]_i_1_n_0  |                6 |             16 |         2.67 |
|  MB_i/clk_wiz/inst/clk_out1 | MB_i/sha256_0/inst/W[1][31]_i_2_n_0         | MB_i/sha256_0/inst/W[1][13]_i_1_n_0 |                6 |             16 |         2.67 |
|  MB_i/clk_wiz/inst/clk_out1 | MB_i/sha256_0/inst/W[1][31]_i_2_n_0         | MB_i/sha256_0/inst/W[1][25]_i_1_n_0 |                4 |             16 |         4.00 |
|  MB_i/clk_wiz/inst/clk_out2 |                                             | reset_IBUF                          |                8 |             17 |         2.12 |
|  MB_i/clk_wiz/inst/clk_out1 | MB_i/sha256_0/inst/W[38][31]_i_1_n_0        |                                     |               21 |             32 |         1.52 |
|  MB_i/clk_wiz/inst/clk_out1 | MB_i/sha256_0/inst/W[51][31]_i_1_n_0        |                                     |               21 |             32 |         1.52 |
|  MB_i/clk_wiz/inst/clk_out1 | MB_i/sha256_0/inst/W[50][31]_i_1_n_0        |                                     |               21 |             32 |         1.52 |
|  MB_i/clk_wiz/inst/clk_out1 | MB_i/sha256_0/inst/W[46][31]_i_1_n_0        |                                     |               21 |             32 |         1.52 |
|  MB_i/clk_wiz/inst/clk_out1 | MB_i/sha256_0/inst/W[48][31]_i_1_n_0        |                                     |               23 |             32 |         1.39 |
|  MB_i/clk_wiz/inst/clk_out1 | MB_i/sha256_0/inst/W[39][31]_i_1_n_0        |                                     |               25 |             32 |         1.28 |
|  MB_i/clk_wiz/inst/clk_out1 | MB_i/sha256_0/inst/W[26][31]_i_1_n_0        |                                     |               27 |             32 |         1.19 |
|  MB_i/clk_wiz/inst/clk_out1 | MB_i/sha256_0/inst/W[45][31]_i_1_n_0        |                                     |               26 |             32 |         1.23 |
|  MB_i/clk_wiz/inst/clk_out1 | MB_i/sha256_0/inst/W[35][31]_i_1_n_0        |                                     |               22 |             32 |         1.45 |
|  MB_i/clk_wiz/inst/clk_out1 | MB_i/sha256_0/inst/W[33][31]_i_1_n_0        |                                     |               24 |             32 |         1.33 |
|  MB_i/clk_wiz/inst/clk_out1 | MB_i/sha256_0/inst/W[30][31]_i_1_n_0        |                                     |               26 |             32 |         1.23 |
|  MB_i/clk_wiz/inst/clk_out1 | MB_i/sha256_0/inst/W[34][31]_i_1_n_0        |                                     |               24 |             32 |         1.33 |
|  MB_i/clk_wiz/inst/clk_out1 | MB_i/sha256_0/inst/W[29][31]_i_1_n_0        |                                     |               25 |             32 |         1.28 |
|  MB_i/clk_wiz/inst/clk_out1 | MB_i/sha256_0/inst/W[41][31]_i_1_n_0        |                                     |               25 |             32 |         1.28 |
|  MB_i/clk_wiz/inst/clk_out1 | MB_i/sha256_0/inst/W[37][31]_i_1_n_0        |                                     |               23 |             32 |         1.39 |
|  MB_i/clk_wiz/inst/clk_out1 | MB_i/sha256_0/inst/W[40][31]_i_1_n_0        |                                     |               25 |             32 |         1.28 |
|  MB_i/clk_wiz/inst/clk_out1 | MB_i/sha256_0/inst/W[27][31]_i_1_n_0        |                                     |               24 |             32 |         1.33 |
|  MB_i/clk_wiz/inst/clk_out1 | MB_i/sha256_0/inst/W[32][31]_i_1_n_0        |                                     |               20 |             32 |         1.60 |
|  MB_i/clk_wiz/inst/clk_out1 | MB_i/sha256_0/inst/W[31][31]_i_1_n_0        |                                     |               24 |             32 |         1.33 |
|  MB_i/clk_wiz/inst/clk_out1 | MB_i/sha256_0/inst/W[25][31]_i_1_n_0        |                                     |               22 |             32 |         1.45 |
|  MB_i/clk_wiz/inst/clk_out1 | MB_i/sha256_0/inst/W[53][31]_i_1_n_0        |                                     |               27 |             32 |         1.19 |
|  MB_i/clk_wiz/inst/clk_out1 | MB_i/sha256_0/inst/W[28][31]_i_1_n_0        |                                     |               26 |             32 |         1.23 |
|  MB_i/clk_wiz/inst/clk_out1 | MB_i/sha256_0/inst/W[24][31]_i_1_n_0        |                                     |               25 |             32 |         1.28 |
|  MB_i/clk_wiz/inst/clk_out1 | MB_i/sha256_0/inst/W[23][31]_i_1_n_0        |                                     |               23 |             32 |         1.39 |
|  MB_i/clk_wiz/inst/clk_out1 | MB_i/sha256_0/inst/W[22][31]_i_1_n_0        |                                     |               23 |             32 |         1.39 |
|  MB_i/clk_wiz/inst/clk_out1 | MB_i/sha256_0/inst/W[21][31]_i_1_n_0        |                                     |               19 |             32 |         1.68 |
|  MB_i/clk_wiz/inst/clk_out1 | MB_i/sha256_0/inst/W[20][31]_i_1_n_0        |                                     |               22 |             32 |         1.45 |
|  MB_i/clk_wiz/inst/clk_out1 | MB_i/sha256_0/inst/W[19][31]_i_1_n_0        |                                     |               22 |             32 |         1.45 |
|  MB_i/clk_wiz/inst/clk_out1 | MB_i/sha256_0/inst/W[17][31]_i_1_n_0        |                                     |               21 |             32 |         1.52 |
|  MB_i/clk_wiz/inst/clk_out1 | MB_i/sha256_0/inst/W[36][31]_i_1_n_0        |                                     |               24 |             32 |         1.33 |
|  MB_i/clk_wiz/inst/clk_out1 | MB_i/sha256_0/inst/W[47][31]_i_1_n_0        |                                     |               23 |             32 |         1.39 |
|  MB_i/clk_wiz/inst/clk_out1 | MB_i/sha256_0/inst/W[18][31]_i_1_n_0        |                                     |               15 |             32 |         2.13 |
|  MB_i/clk_wiz/inst/clk_out1 | MB_i/sha256_0/inst/W[61][31]_i_1_n_0        |                                     |               24 |             32 |         1.33 |
|  MB_i/clk_wiz/inst/clk_out1 | MB_i/sha256_0/inst/W[62][31]_i_1_n_0        |                                     |               25 |             32 |         1.28 |
|  MB_i/clk_wiz/inst/clk_out1 | MB_i/sha256_0/inst/W[59][31]_i_1_n_0        |                                     |               22 |             32 |         1.45 |
|  MB_i/clk_wiz/inst/clk_out1 | MB_i/sha256_0/inst/W[57][31]_i_1_n_0        |                                     |               22 |             32 |         1.45 |
|  MB_i/clk_wiz/inst/clk_out1 | MB_i/sha256_0/inst/W[60][31]_i_1_n_0        |                                     |               24 |             32 |         1.33 |
|  MB_i/clk_wiz/inst/clk_out1 | MB_i/sha256_0/inst/W[63][31]_i_1_n_0        |                                     |               24 |             32 |         1.33 |
|  MB_i/clk_wiz/inst/clk_out1 | MB_i/sha256_0/inst/W[58][31]_i_1_n_0        |                                     |               24 |             32 |         1.33 |
|  MB_i/clk_wiz/inst/clk_out1 | MB_i/sha256_0/inst/W[43][31]_i_1_n_0        |                                     |               26 |             32 |         1.23 |
|  MB_i/clk_wiz/inst/clk_out1 | MB_i/sha256_0/inst/W[44][31]_i_1_n_0        |                                     |               22 |             32 |         1.45 |
|  MB_i/clk_wiz/inst/clk_out1 | MB_i/sha256_0/inst/W[16][31]_i_1_n_0        |                                     |               22 |             32 |         1.45 |
|  MB_i/clk_wiz/inst/clk_out1 | MB_i/sha256_0/inst/W[56][31]_i_1_n_0        |                                     |               25 |             32 |         1.28 |
|  MB_i/clk_wiz/inst/clk_out1 | MB_i/sha256_0/inst/W[55][31]_i_1_n_0        |                                     |               22 |             32 |         1.45 |
|  MB_i/clk_wiz/inst/clk_out1 | MB_i/sha256_0/inst/W[54][31]_i_1_n_0        |                                     |               22 |             32 |         1.45 |
|  MB_i/clk_wiz/inst/clk_out1 | MB_i/sha256_0/inst/W[52][31]_i_1_n_0        |                                     |               23 |             32 |         1.39 |
|  MB_i/clk_wiz/inst/clk_out1 | MB_i/sha256_0/inst/W[49][31]_i_1_n_0        |                                     |               23 |             32 |         1.39 |
|  MB_i/clk_wiz/inst/clk_out1 | MB_i/sha256_0/inst/W[42][31]_i_1_n_0        |                                     |               25 |             32 |         1.28 |
|  MB_i/clk_wiz/inst/clk_out1 | MB_i/sha256_0/inst/round_count[5]_i_1_n_0   | reset_IBUF                          |               31 |             44 |         1.42 |
|  MB_i/clk_wiz/inst/clk_out1 | MB_i/sha256_0/inst/H0[31]_i_1_n_0           | reset_IBUF                          |               52 |            256 |         4.92 |
|  MB_i/clk_wiz/inst/clk_out1 | MB_i/sha256_0/inst/hash[255]_i_1_n_0        |                                     |               64 |            256 |         4.00 |
|  MB_i/clk_wiz/inst/clk_out1 | MB_i/sha256_0/inst/b[31]_i_1_n_0            | reset_IBUF                          |               99 |            256 |         2.59 |
+-----------------------------+---------------------------------------------+-------------------------------------+------------------+----------------+--------------+


