Copyright 1986-2022 Xilinx, Inc. All Rights Reserved. Copyright 2022-2024 Advanced Micro Devices, Inc. All Rights Reserved.
----------------------------------------------------------------------------------------------------------------------------------------------------
| Tool Version     : Vivado v.2024.1 (win64) Build 5076996 Wed May 22 18:37:14 MDT 2024
| Date             : Mon Apr 14 18:52:46 2025
| Host             : DESKTOP-R5RVK16 running 64-bit major release  (build 9200)
| Command          : report_power -file MB_wrapper_power_routed.rpt -pb MB_wrapper_power_summary_routed.pb -rpx MB_wrapper_power_routed.rpx
| Design           : MB_wrapper
| Device           : xc7a35tcpg236-1
| Design State     : routed
| Grade            : commercial
| Process          : typical
| Characterization : Production
----------------------------------------------------------------------------------------------------------------------------------------------------

Power Report

Table of Contents
-----------------
1. Summary
1.1 On-Chip Components
1.2 Power Supply Summary
1.3 Confidence Level
2. Settings
2.1 Environment
2.2 Clock Constraints
3. Detailed Reports
3.1 By Hierarchy

1. Summary
----------

+--------------------------+--------------+
| Total On-Chip Power (W)  | 0.229        |
| Design Power Budget (W)  | Unspecified* |
| Power Budget Margin (W)  | NA           |
| Dynamic (W)              | 0.159        |
| Device Static (W)        | 0.071        |
| Effective TJA (C/W)      | 5.0          |
| Max Ambient (C)          | 83.9         |
| Junction Temperature (C) | 26.1         |
| Confidence Level         | Medium       |
| Setting File             | ---          |
| Simulation Activity File | ---          |
| Design Nets Matched      | NA           |
+--------------------------+--------------+
* Specify Design Power Budget using, set_operating_conditions -design_power_budget <value in Watts>


1.1 On-Chip Components
----------------------

+--------------------------+-----------+----------+-----------+-----------------+
| On-Chip                  | Power (W) | Used     | Available | Utilization (%) |
+--------------------------+-----------+----------+-----------+-----------------+
| Clocks                   |     0.020 |        7 |       --- |             --- |
| Slice Logic              |     0.014 |    11723 |       --- |             --- |
|   LUT as Logic           |     0.011 |     3906 |     20800 |           18.78 |
|   LUT as Distributed RAM |     0.002 |      470 |      9600 |            4.90 |
|   Register               |    <0.001 |     4555 |     41600 |           10.95 |
|   CARRY4                 |    <0.001 |       40 |      8150 |            0.49 |
|   F7/F8 Muxes            |    <0.001 |      109 |     32600 |            0.33 |
|   LUT as Shift Register  |    <0.001 |       97 |      9600 |            1.01 |
|   Others                 |    <0.001 |      903 |       --- |             --- |
| Signals                  |     0.014 |     7275 |       --- |             --- |
| Block RAM                |     0.004 |        6 |        50 |           12.00 |
| MMCM                     |     0.106 |        1 |         5 |           20.00 |
| I/O                      |    <0.001 |        4 |       106 |            3.77 |
| Static Power             |     0.071 |          |           |                 |
| Total                    |     0.229 |          |           |                 |
+--------------------------+-----------+----------+-----------+-----------------+


1.2 Power Supply Summary
------------------------

+-----------+-------------+-----------+-------------+------------+-------------+-------------+------------+
| Source    | Voltage (V) | Total (A) | Dynamic (A) | Static (A) | Powerup (A) | Budget (A)  | Margin (A) |
+-----------+-------------+-----------+-------------+------------+-------------+-------------+------------+
| Vccint    |       1.000 |     0.063 |       0.053 |      0.010 |       NA    | Unspecified | NA         |
| Vccaux    |       1.800 |     0.071 |       0.059 |      0.013 |       NA    | Unspecified | NA         |
| Vcco33    |       3.300 |     0.000 |       0.000 |      0.000 |       NA    | Unspecified | NA         |
| Vcco25    |       2.500 |     0.000 |       0.000 |      0.000 |       NA    | Unspecified | NA         |
| Vcco18    |       1.800 |     0.001 |       0.000 |      0.001 |       NA    | Unspecified | NA         |
| Vcco15    |       1.500 |     0.000 |       0.000 |      0.000 |       NA    | Unspecified | NA         |
| Vcco135   |       1.350 |     0.000 |       0.000 |      0.000 |       NA    | Unspecified | NA         |
| Vcco12    |       1.200 |     0.000 |       0.000 |      0.000 |       NA    | Unspecified | NA         |
| Vccaux_io |       1.800 |     0.000 |       0.000 |      0.000 |       NA    | Unspecified | NA         |
| Vccbram   |       1.000 |     0.001 |       0.000 |      0.000 |       NA    | Unspecified | NA         |
| MGTAVcc   |       1.000 |     0.000 |       0.000 |      0.000 |       NA    | Unspecified | NA         |
| MGTAVtt   |       1.200 |     0.000 |       0.000 |      0.000 |       NA    | Unspecified | NA         |
| Vccadc    |       1.800 |     0.020 |       0.000 |      0.020 |       NA    | Unspecified | NA         |
+-----------+-------------+-----------+-------------+------------+-------------+-------------+------------+


1.3 Confidence Level
--------------------

+-----------------------------+------------+-------------------------------------------------------+------------------------------------------------------------------------------------------------------------+
| User Input Data             | Confidence | Details                                               | Action                                                                                                     |
+-----------------------------+------------+-------------------------------------------------------+------------------------------------------------------------------------------------------------------------+
| Design implementation state | High       | Design is routed                                      |                                                                                                            |
| Clock nodes activity        | High       | User specified more than 95% of clocks                |                                                                                                            |
| I/O nodes activity          | Medium     | More than 5% of inputs are missing user specification | Provide missing input activity with simulation results or by editing the "By Resource Type -> I/Os" view   |
| Internal nodes activity     | Medium     | User specified less than 25% of internal nodes        | Provide missing internal nodes activity with simulation results or by editing the "By Resource Type" views |
| Device models               | High       | Device models are Production                          |                                                                                                            |
|                             |            |                                                       |                                                                                                            |
| Overall confidence level    | Medium     |                                                       |                                                                                                            |
+-----------------------------+------------+-------------------------------------------------------+------------------------------------------------------------------------------------------------------------+


2. Settings
-----------

2.1 Environment
---------------

+-----------------------+--------------------------+
| Ambient Temp (C)      | 25.0                     |
| ThetaJA (C/W)         | 5.0                      |
| Airflow (LFM)         | 250                      |
| Heat Sink             | medium (Medium Profile)  |
| ThetaSA (C/W)         | 4.6                      |
| Board Selection       | medium (10"x10")         |
| # of Board Layers     | 12to15 (12 to 15 Layers) |
| Board Temperature (C) | 25.0                     |
+-----------------------+--------------------------+


2.2 Clock Constraints
---------------------

+------------------------------------------------------+---------------------------------------------+-----------------+
| Clock                                                | Domain                                      | Constraint (ns) |
+------------------------------------------------------+---------------------------------------------+-----------------+
| MB_i/mdm_1/U0/Use_E2.BSCAN_I/Use_E2.BSCANE2_I/DRCK   | MB_i/mdm_1/U0/Use_E2.BSCAN_I/DRCK           |            33.3 |
| MB_i/mdm_1/U0/Use_E2.BSCAN_I/Use_E2.BSCANE2_I/UPDATE | MB_i/mdm_1/U0/Use_E2.BSCAN_I/Dbg_Update_0   |            33.3 |
| clk_out1_MB_clk_wiz_0_2                              | MB_i/clk_wiz_0/inst/clk_out1_MB_clk_wiz_0_2 |            10.0 |
| clkfbout_MB_clk_wiz_0_2                              | MB_i/clk_wiz_0/inst/clkfbout_MB_clk_wiz_0_2 |            10.0 |
| sys_clock                                            | sys_clock                                   |            10.0 |
+------------------------------------------------------+---------------------------------------------+-----------------+


3. Detailed Reports
-------------------

3.1 By Hierarchy
----------------

+-------------------------------+-----------+
| Name                          | Power (W) |
+-------------------------------+-----------+
| MB_wrapper                    |     0.159 |
|   MB_i                        |     0.158 |
|     axi_bram_ctrl_0           |     0.003 |
|       U0                      |     0.003 |
|     axi_bram_ctrl_0_bram      |     0.003 |
|       U0                      |     0.003 |
|     axi_smc                   |     0.032 |
|       inst                    |     0.032 |
|     clk_wiz_0                 |     0.106 |
|       inst                    |     0.106 |
|     microblaze_0              |     0.010 |
|       U0                      |     0.010 |
|     microblaze_0_local_memory |     0.002 |
|       lmb_bram                |     0.002 |
+-------------------------------+-----------+


