#-----------------------------------------------------------
# Vivado v2024.1.2 (64-bit)
# SW Build 5164865 on Thu Sep  5 14:37:11 MDT 2024
# IP Build 5164407 on Fri Sep  6 08:18:11 MDT 2024
# SharedData Build 5164864 on Thu Sep 05 13:09:09 MDT 2024
# Start of session at: Fri Mar  7 16:12:30 2025
# Process ID: 17964
# Current directory: C:/Users/gavwa/Desktop/Workin_Dir/Hardware/MicroBlaze/MicroBlaze.runs/MB_simple_axi_writer_0_0_synth_1
# Command line: vivado.exe -log MB_simple_axi_writer_0_0.vds -product Vivado -mode batch -messageDb vivado.pb -notrace -source MB_simple_axi_writer_0_0.tcl
# Log file: C:/Users/gavwa/Desktop/Workin_Dir/Hardware/MicroBlaze/MicroBlaze.runs/MB_simple_axi_writer_0_0_synth_1/MB_simple_axi_writer_0_0.vds
# Journal file: C:/Users/gavwa/Desktop/Workin_Dir/Hardware/MicroBlaze/MicroBlaze.runs/MB_simple_axi_writer_0_0_synth_1\vivado.jou
# Running On        :DESKTOP-R5RVK16
# Platform          :Windows Server 2016 or Windows 10
# Operating System  :19045
# Processor Detail  :AMD Ryzen 9 5900X 12-Core Processor            
# CPU Frequency     :3693 MHz
# CPU Physical cores:12
# CPU Logical cores :24
# Host memory       :68637 MB
# Swap memory       :10200 MB
# Total Virtual     :78838 MB
# Available Virtual :51337 MB
#-----------------------------------------------------------
source MB_simple_axi_writer_0_0.tcl -notrace
